[
  {
    "locationId": "locationId_1",
    "status": "open"
  },
  {
    "locationId": "locationId_2",
    "status": "open"
  }
]