{
  "Data": {
    "locationId": "locationId_1",
    "status": "open"
  }
}